<?xml version="1.0" encoding="UTF-8"?>
<TestRun id="c1f96ca5-cbca-4e1b-a6d8-9ef7b3d1a7f6" name="Paolo Possanzini@ARCHERAIR 2012-04-27 15:38:08" runUser="ArcherAir\Paolo Possanzini" xmlns="http://microsoft.com/schemas/VisualStudio/TeamTest/2010">
  <TestSettings name="Local" id="b64f6e3c-f874-4d40-80bf-369ba9bd7b4f">
    <Description>These are default test settings for a local test run.</Description>
    <Deployment enabled="false" runDeploymentRoot="Paolo Possanzini_ARCHERAIR 2012-04-27 15_38_08">
      <DeploymentItem filename="C:\temp\Pegaso 2000\MultiThreading\ParallelSearch\bin\Debug\ParallelSearch.exe" />
    </Deployment>
    <Execution>
      <TestTypeSpecific />
      <AgentRule name="Execution Agents">
      </AgentRule>
    </Execution>
  </TestSettings>
  <Times creation="2012-04-27T15:38:08.0537109+02:00" queuing="2012-04-27T15:38:08.1044922+02:00" start="2012-04-27T15:38:08.1230469+02:00" finish="2012-04-27T15:38:09.2333984+02:00" />
  <ResultSummary outcome="Error">
    <Counters total="3" executed="3" passed="2" error="1" failed="0" timeout="0" aborted="0" inconclusive="0" passedButRunAborted="0" notRunnable="0" notExecuted="0" disconnected="0" warning="0" completed="0" inProgress="0" pending="0" />
    <RunInfos>
      <RunInfo computerName="ARCHERAIR" outcome="Error" timestamp="2012-04-27T15:38:08.5302734+02:00">
        <Text>One of the background threads threw exception: 
System.NullReferenceException: Object reference not set to an instance of an object.
   at ParallelSearch.Program.&lt;&gt;c__DisplayClass4`1.&lt;ParallelSearch&gt;b__2(Object mymutex) in C:\temp\Pegaso 2000\MultiThreading\ParallelSearch\Program.cs:line 57
   at System.Threading.ThreadHelper.ThreadStart_Context(Object state)
   at System.Threading.ExecutionContext.runTryCode(Object userData)
   at System.Runtime.CompilerServices.RuntimeHelpers.ExecuteCodeWithGuaranteedCleanup(TryCode code, CleanupCode backoutCode, Object userData)
   at System.Threading.ExecutionContext.RunInternal(ExecutionContext executionContext, ContextCallback callback, Object state)
   at System.Threading.ExecutionContext.Run(ExecutionContext executionContext, ContextCallback callback, Object state, Boolean ignoreSyncCtx)
   at System.Threading.ExecutionContext.Run(ExecutionContext executionContext, ContextCallback callback, Object state)
   at System.Threading.ThreadHelper.ThreadStart(Object obj)</Text>
      </RunInfo>
      <RunInfo computerName="ARCHERAIR" outcome="Error" timestamp="2012-04-27T15:38:08.5302734+02:00">
        <Text>One of the background threads threw exception: 
System.NullReferenceException: Object reference not set to an instance of an object.
   at ParallelSearch.Program.&lt;&gt;c__DisplayClass4`1.&lt;ParallelSearch&gt;b__2(Object mymutex) in C:\temp\Pegaso 2000\MultiThreading\ParallelSearch\Program.cs:line 57
   at System.Threading.ThreadHelper.ThreadStart_Context(Object state)
   at System.Threading.ExecutionContext.runTryCode(Object userData)
   at System.Runtime.CompilerServices.RuntimeHelpers.ExecuteCodeWithGuaranteedCleanup(TryCode code, CleanupCode backoutCode, Object userData)
   at System.Threading.ExecutionContext.RunInternal(ExecutionContext executionContext, ContextCallback callback, Object state)
   at System.Threading.ExecutionContext.Run(ExecutionContext executionContext, ContextCallback callback, Object state, Boolean ignoreSyncCtx)
   at System.Threading.ExecutionContext.Run(ExecutionContext executionContext, ContextCallback callback, Object state)
   at System.Threading.ThreadHelper.ThreadStart(Object obj)</Text>
      </RunInfo>
      <RunInfo computerName="ARCHERAIR" outcome="Error" timestamp="2012-04-27T15:38:08.5302734+02:00">
        <Text>One of the background threads threw exception: 
System.NullReferenceException: Object reference not set to an instance of an object.
   at ParallelSearch.Program.&lt;&gt;c__DisplayClass4`1.&lt;ParallelSearch&gt;b__2(Object mymutex) in C:\temp\Pegaso 2000\MultiThreading\ParallelSearch\Program.cs:line 57
   at System.Threading.ThreadHelper.ThreadStart_Context(Object state)
   at System.Threading.ExecutionContext.runTryCode(Object userData)
   at System.Runtime.CompilerServices.RuntimeHelpers.ExecuteCodeWithGuaranteedCleanup(TryCode code, CleanupCode backoutCode, Object userData)
   at System.Threading.ExecutionContext.RunInternal(ExecutionContext executionContext, ContextCallback callback, Object state)
   at System.Threading.ExecutionContext.Run(ExecutionContext executionContext, ContextCallback callback, Object state, Boolean ignoreSyncCtx)
   at System.Threading.ExecutionContext.Run(ExecutionContext executionContext, ContextCallback callback, Object state)
   at System.Threading.ThreadHelper.ThreadStart(Object obj)</Text>
      </RunInfo>
      <RunInfo computerName="ARCHERAIR" outcome="Error" timestamp="2012-04-27T15:38:08.5615234+02:00">
        <Text>One of the background threads threw exception: 
System.NullReferenceException: Object reference not set to an instance of an object.
   at ParallelSearch.Program.&lt;&gt;c__DisplayClass4`1.&lt;ParallelSearch&gt;b__2(Object mymutex) in C:\temp\Pegaso 2000\MultiThreading\ParallelSearch\Program.cs:line 57
   at System.Threading.ThreadHelper.ThreadStart_Context(Object state)
   at System.Threading.ExecutionContext.runTryCode(Object userData)
   at System.Runtime.CompilerServices.RuntimeHelpers.ExecuteCodeWithGuaranteedCleanup(TryCode code, CleanupCode backoutCode, Object userData)
   at System.Threading.ExecutionContext.RunInternal(ExecutionContext executionContext, ContextCallback callback, Object state)
   at System.Threading.ExecutionContext.Run(ExecutionContext executionContext, ContextCallback callback, Object state, Boolean ignoreSyncCtx)
   at System.Threading.ExecutionContext.Run(ExecutionContext executionContext, ContextCallback callback, Object state)
   at System.Threading.ThreadHelper.ThreadStart(Object obj)</Text>
      </RunInfo>
    </RunInfos>
  </ResultSummary>
  <TestDefinitions>
    <UnitTest name="TestParallelSerachNull2" storage="c:\temp\pegaso 2000\multithreading\testproject1\bin\debug\testproject1.dll" id="d4318a68-735a-c85f-7185-4e8d15896f5d">
      <Execution id="d9d6821c-06c1-45e7-b35f-1e1df756e67e" />
      <TestMethod codeBase="C:/temp/Pegaso 2000/MultiThreading/TestProject1/bin/Debug/TestProject1.DLL" adapterTypeName="Microsoft.VisualStudio.TestTools.TestTypes.Unit.UnitTestAdapter, Microsoft.VisualStudio.QualityTools.Tips.UnitTest.Adapter, Version=10.0.0.0, Culture=neutral, PublicKeyToken=b03f5f7f11d50a3a" className="TestProject1.UnitTest1, TestProject1, Version=1.0.0.0, Culture=neutral, PublicKeyToken=null" name="TestParallelSerachNull2" />
    </UnitTest>
    <UnitTest name="TestParallelSearchNull1" storage="c:\temp\pegaso 2000\multithreading\testproject1\bin\debug\testproject1.dll" id="74942d01-a335-a367-31a7-4d46dc1d7949">
      <Execution id="77a0ef4a-3df2-4e36-b3ce-939624316443" />
      <TestMethod codeBase="C:/temp/Pegaso 2000/MultiThreading/TestProject1/bin/Debug/TestProject1.DLL" adapterTypeName="Microsoft.VisualStudio.TestTools.TestTypes.Unit.UnitTestAdapter, Microsoft.VisualStudio.QualityTools.Tips.UnitTest.Adapter, Version=10.0.0.0, Culture=neutral, PublicKeyToken=b03f5f7f11d50a3a" className="TestProject1.UnitTest1, TestProject1, Version=1.0.0.0, Culture=neutral, PublicKeyToken=null" name="TestParallelSearchNull1" />
    </UnitTest>
    <UnitTest name="ListaConPochiValori" storage="c:\temp\pegaso 2000\multithreading\testproject1\bin\debug\testproject1.dll" id="915ecda9-bde9-57f2-ada3-100f4f9eaa2f">
      <Execution id="fb787c7f-b41b-455e-9caf-a0327c439bfb" />
      <TestMethod codeBase="C:/temp/Pegaso 2000/MultiThreading/TestProject1/bin/Debug/TestProject1.DLL" adapterTypeName="Microsoft.VisualStudio.TestTools.TestTypes.Unit.UnitTestAdapter, Microsoft.VisualStudio.QualityTools.Tips.UnitTest.Adapter, Version=10.0.0.0, Culture=neutral, PublicKeyToken=b03f5f7f11d50a3a" className="TestProject1.UnitTest1, TestProject1, Version=1.0.0.0, Culture=neutral, PublicKeyToken=null" name="ListaConPochiValori" />
    </UnitTest>
  </TestDefinitions>
  <TestLists>
    <TestList name="Results Not in a List" id="8c84fa94-04c1-424b-9868-57a2d4851a1d" />
    <TestList name="All Loaded Results" id="19431567-8539-422a-85d7-44ee4e166bda" />
  </TestLists>
  <TestEntries>
    <TestEntry testId="74942d01-a335-a367-31a7-4d46dc1d7949" executionId="77a0ef4a-3df2-4e36-b3ce-939624316443" testListId="8c84fa94-04c1-424b-9868-57a2d4851a1d" />
    <TestEntry testId="915ecda9-bde9-57f2-ada3-100f4f9eaa2f" executionId="fb787c7f-b41b-455e-9caf-a0327c439bfb" testListId="8c84fa94-04c1-424b-9868-57a2d4851a1d" />
    <TestEntry testId="d4318a68-735a-c85f-7185-4e8d15896f5d" executionId="d9d6821c-06c1-45e7-b35f-1e1df756e67e" testListId="8c84fa94-04c1-424b-9868-57a2d4851a1d" />
  </TestEntries>
  <Results>
    <UnitTestResult executionId="77a0ef4a-3df2-4e36-b3ce-939624316443" testId="74942d01-a335-a367-31a7-4d46dc1d7949" testName="TestParallelSearchNull1" computerName="ARCHERAIR" duration="00:00:00.0250614" startTime="2012-04-27T15:38:08.1416016+02:00" endTime="2012-04-27T15:38:08.4589844+02:00" testType="13cdc9d9-ddb5-4fa4-a97d-d965ccfc6d4b" outcome="Passed" testListId="8c84fa94-04c1-424b-9868-57a2d4851a1d" relativeResultsDirectory="77a0ef4a-3df2-4e36-b3ce-939624316443">
    </UnitTestResult>
    <UnitTestResult executionId="fb787c7f-b41b-455e-9caf-a0327c439bfb" testId="915ecda9-bde9-57f2-ada3-100f4f9eaa2f" testName="ListaConPochiValori" computerName="ARCHERAIR" startTime="2012-04-27T15:38:08.4619141+02:00" endTime="2012-04-27T15:38:08.8740234+02:00" testType="13cdc9d9-ddb5-4fa4-a97d-d965ccfc6d4b" testListId="8c84fa94-04c1-424b-9868-57a2d4851a1d" relativeResultsDirectory="fb787c7f-b41b-455e-9caf-a0327c439bfb">
      <Output>
        <ErrorInfo>
          <Message>The agent process was stopped while the test was running.</Message>
        </ErrorInfo>
      </Output>
    </UnitTestResult>
    <UnitTestResult executionId="d9d6821c-06c1-45e7-b35f-1e1df756e67e" testId="d4318a68-735a-c85f-7185-4e8d15896f5d" testName="TestParallelSerachNull2" computerName="ARCHERAIR" duration="00:00:00.0204548" startTime="2012-04-27T15:38:08.8896484+02:00" endTime="2012-04-27T15:38:09.1396484+02:00" testType="13cdc9d9-ddb5-4fa4-a97d-d965ccfc6d4b" outcome="Passed" testListId="8c84fa94-04c1-424b-9868-57a2d4851a1d" relativeResultsDirectory="d9d6821c-06c1-45e7-b35f-1e1df756e67e">
    </UnitTestResult>
  </Results>
</TestRun>