<?xml version="1.0" encoding="UTF-8"?>
<TestRun id="91252516-d448-42a1-bb74-fd8814054c4c" name="Paolo Possanzini@ARCHERAIR 2012-04-27 15:42:28" runUser="ArcherAir\Paolo Possanzini" xmlns="http://microsoft.com/schemas/VisualStudio/TeamTest/2010">
  <TestSettings name="Local" id="b64f6e3c-f874-4d40-80bf-369ba9bd7b4f">
    <Description>These are default test settings for a local test run.</Description>
    <Deployment enabled="false" runDeploymentRoot="Paolo Possanzini_ARCHERAIR 2012-04-27 15_42_28">
      <DeploymentItem filename="C:\temp\Pegaso 2000\MultiThreading\ParallelSearch\bin\Debug\ParallelSearch.exe" />
    </Deployment>
    <Execution>
      <TestTypeSpecific />
      <AgentRule name="Execution Agents">
      </AgentRule>
    </Execution>
  </TestSettings>
  <Times creation="2012-04-27T15:42:28.0947266+02:00" queuing="2012-04-27T15:42:29.0322266+02:00" start="2012-04-27T15:42:29.2353516+02:00" finish="2012-04-27T15:42:34.4072266+02:00" />
  <ResultSummary outcome="Completed">
    <Counters total="1" executed="1" passed="1" error="0" failed="0" timeout="0" aborted="0" inconclusive="0" passedButRunAborted="0" notRunnable="0" notExecuted="0" disconnected="0" warning="0" completed="0" inProgress="0" pending="0" />
  </ResultSummary>
  <TestDefinitions>
    <UnitTest name="ListaConPochiValori" storage="c:\temp\pegaso 2000\multithreading\testproject1\bin\debug\testproject1.dll" id="915ecda9-bde9-57f2-ada3-100f4f9eaa2f">
      <Execution id="5e2221b0-b3c0-46cb-bcac-fe766667e607" />
      <TestMethod codeBase="C:/temp/Pegaso 2000/MultiThreading/TestProject1/bin/Debug/TestProject1.DLL" adapterTypeName="Microsoft.VisualStudio.TestTools.TestTypes.Unit.UnitTestAdapter, Microsoft.VisualStudio.QualityTools.Tips.UnitTest.Adapter, Version=10.0.0.0, Culture=neutral, PublicKeyToken=b03f5f7f11d50a3a" className="TestProject1.UnitTest1, TestProject1, Version=1.0.0.0, Culture=neutral, PublicKeyToken=null" name="ListaConPochiValori" />
    </UnitTest>
  </TestDefinitions>
  <TestLists>
    <TestList name="Results Not in a List" id="8c84fa94-04c1-424b-9868-57a2d4851a1d" />
    <TestList name="All Loaded Results" id="19431567-8539-422a-85d7-44ee4e166bda" />
  </TestLists>
  <TestEntries>
    <TestEntry testId="915ecda9-bde9-57f2-ada3-100f4f9eaa2f" executionId="5e2221b0-b3c0-46cb-bcac-fe766667e607" testListId="8c84fa94-04c1-424b-9868-57a2d4851a1d" />
  </TestEntries>
  <Results>
    <UnitTestResult executionId="5e2221b0-b3c0-46cb-bcac-fe766667e607" testId="915ecda9-bde9-57f2-ada3-100f4f9eaa2f" testName="ListaConPochiValori" computerName="ARCHERAIR" duration="00:00:03.5288883" startTime="2012-04-27T15:42:29.5322266+02:00" endTime="2012-04-27T15:42:34.3134766+02:00" testType="13cdc9d9-ddb5-4fa4-a97d-d965ccfc6d4b" outcome="Passed" testListId="8c84fa94-04c1-424b-9868-57a2d4851a1d" relativeResultsDirectory="5e2221b0-b3c0-46cb-bcac-fe766667e607">
    </UnitTestResult>
  </Results>
</TestRun>